$ "bun" "run" "test:critical"
exit_code=0 signal=none duration_ms=53174

Vitest suite critical-cli: chunk 1/12 (1 files): packages/agentplane/src/cli/run-cli.critical.agent-efficiency-baseline.test.ts
Vitest suite critical-cli: chunk 1/12 passed in 9554ms (Test Files  1 passed (1); Tests  9 passed (9); Duration  9.36s (transform 893ms, setup 0ms, import 1.18s, tests 8.11s, environment 0ms))
Vitest suite critical-cli: chunk 2/12 (1 files): packages/agentplane/src/cli/run-cli.critical.agent-efficiency-candidate.test.ts
Vitest suite critical-cli: chunk 2/12 passed in 5995ms (Test Files  1 passed (1); Tests  7 passed (7); Duration  5.83s (transform 887ms, setup 0ms, import 1.11s, tests 4.67s, environment 0ms))
Vitest suite critical-cli: chunk 3/12 (1 files): packages/agentplane/src/cli/run-cli.critical.agent-efficiency-replay-driver.test.ts
Vitest suite critical-cli: chunk 3/12 passed in 1515ms (Test Files  1 passed (1); Tests  15 passed (15); Duration  1.32s (transform 934ms, setup 0ms, import 1.16s, tests 99ms, environment 0ms))
Vitest suite critical-cli: chunk 4/12 (1 files): packages/agentplane/src/cli/run-cli.critical.agent-efficiency-replay-hardening.test.ts
Vitest suite critical-cli: chunk 4/12 passed in 16545ms (Test Files  1 passed (1); Tests  11 passed (11); Duration  16.38s (transform 937ms, setup 0ms, import 1.16s, tests 15.16s, environment 0ms))
Vitest suite critical-cli: chunk 5/12 (1 files): packages/agentplane/src/cli/run-cli.critical.agent-efficiency-replay.test.ts
Vitest suite critical-cli: chunk 5/12 passed in 1668ms (Test Files  1 passed (1); Tests  10 passed (10); Duration  1.51s (transform 907ms, setup 0ms, import 1.16s, tests 289ms, environment 0ms))
Vitest suite critical-cli: chunk 6/12 (1 files): packages/agentplane/src/cli/run-cli.critical.exit-codes.test.ts
Vitest suite critical-cli: chunk 6/12 passed in 2434ms (Test Files  1 passed (1); Tests  2 passed (2); Duration  2.27s (transform 838ms, setup 0ms, import 1.10s, tests 1.11s, environment 0ms))
Vitest suite critical-cli: chunk 7/12 (1 files): packages/agentplane/src/cli/run-cli.critical.git-edge.test.ts
Vitest suite critical-cli: chunk 7/12 passed in 2220ms (Test Files  1 passed (1); Tests  2 passed (2); Duration  2.06s (transform 844ms, setup 0ms, import 1.11s, tests 886ms, environment 0ms))
Vitest suite critical-cli: chunk 8/12 (1 files): packages/agentplane/src/cli/run-cli.critical.protected-paths.test.ts
Vitest suite critical-cli: chunk 8/12 passed in 2491ms (Test Files  1 passed (1); Tests  3 passed (3); Duration  2.33s (transform 850ms, setup 0ms, import 1.11s, tests 1.16s, environment 0ms))
Vitest suite critical-cli: chunk 9/12 (1 files): packages/agentplane/src/cli/run-cli.critical.scope-leak.test.ts
Vitest suite critical-cli: chunk 9/12 passed in 2583ms (Test Files  1 passed (1); Tests  5 passed (5); Duration  2.42s (transform 868ms, setup 0ms, import 1.13s, tests 1.23s, environment 0ms))
Vitest suite critical-cli: chunk 10/12 (1 files): packages/agentplane/src/cli/run-cli.critical.symlink-root.test.ts
Vitest suite critical-cli: chunk 10/12 passed in 2089ms (Test Files  1 passed (1); Tests  2 passed (2); Duration  1.93s (transform 849ms, setup 0ms, import 1.11s, tests 759ms, environment 0ms))
Vitest suite critical-cli: chunk 11/12 (1 files): packages/agentplane/src/cli/run-cli.critical.trust-boundary-ratchet-regressions.test.ts
Vitest suite critical-cli: chunk 11/12 passed in 1624ms (Test Files  1 passed (1); Tests  5 passed (5); Duration  1.46s (transform 990ms, setup 0ms, import 1.17s, tests 231ms, environment 0ms))
Vitest suite critical-cli: chunk 12/12 (1 files): packages/agentplane/src/cli/run-cli.critical.trust-boundary-ratchet.test.ts
Vitest suite critical-cli: chunk 12/12 passed in 4385ms (Test Files  1 passed (1); Tests  12 passed (12); Duration  4.22s (transform 958ms, setup 0ms, import 1.14s, tests 3.02s, environment 0ms))

$ node scripts/checks/run-vitest-suite.mjs critical-cli
