$ "bun" "run" "test:critical"
exit_code=0 signal=none duration_ms=55896

Vitest suite critical-cli: chunk 1/12 (1 files): packages/agentplane/src/cli/run-cli.critical.agent-efficiency-baseline.test.ts
Vitest suite critical-cli: chunk 1/12 passed in 9824ms (Test Files  1 passed (1); Tests  9 passed (9); Duration  9.62s (transform 864ms, setup 0ms, import 1.15s, tests 8.40s, environment 0ms))
Vitest suite critical-cli: chunk 2/12 (1 files): packages/agentplane/src/cli/run-cli.critical.agent-efficiency-candidate.test.ts
Vitest suite critical-cli: chunk 2/12 passed in 6767ms (Test Files  1 passed (1); Tests  8 passed (8); Duration  6.60s (transform 957ms, setup 0ms, import 1.18s, tests 5.35s, environment 0ms))
Vitest suite critical-cli: chunk 3/12 (1 files): packages/agentplane/src/cli/run-cli.critical.agent-efficiency-replay-driver.test.ts
Vitest suite critical-cli: chunk 3/12 passed in 1545ms (Test Files  1 passed (1); Tests  15 passed (15); Duration  1.35s (transform 953ms, setup 0ms, import 1.19s, tests 99ms, environment 0ms))
Vitest suite critical-cli: chunk 4/12 (1 files): packages/agentplane/src/cli/run-cli.critical.agent-efficiency-replay-hardening.test.ts
Vitest suite critical-cli: chunk 4/12 passed in 16408ms (Test Files  1 passed (1); Tests  11 passed (11); Duration  16.24s (transform 987ms, setup 0ms, import 1.18s, tests 15.00s, environment 0ms))
Vitest suite critical-cli: chunk 5/12 (1 files): packages/agentplane/src/cli/run-cli.critical.agent-efficiency-replay.test.ts
Vitest suite critical-cli: chunk 5/12 passed in 1681ms (Test Files  1 passed (1); Tests  10 passed (10); Duration  1.49s (transform 878ms, setup 0ms, import 1.13s, tests 293ms, environment 0ms))
Vitest suite critical-cli: chunk 6/12 (1 files): packages/agentplane/src/cli/run-cli.critical.exit-codes.test.ts
Vitest suite critical-cli: chunk 6/12 passed in 2506ms (Test Files  1 passed (1); Tests  2 passed (2); Duration  2.34s (transform 882ms, setup 0ms, import 1.16s, tests 1.11s, environment 0ms))
Vitest suite critical-cli: chunk 7/12 (1 files): packages/agentplane/src/cli/run-cli.critical.git-edge.test.ts
Vitest suite critical-cli: chunk 7/12 passed in 2322ms (Test Files  1 passed (1); Tests  2 passed (2); Duration  2.15s (transform 869ms, setup 0ms, import 1.13s, tests 952ms, environment 0ms))
Vitest suite critical-cli: chunk 8/12 (1 files): packages/agentplane/src/cli/run-cli.critical.protected-paths.test.ts
Vitest suite critical-cli: chunk 8/12 passed in 2758ms (Test Files  1 passed (1); Tests  3 passed (3); Duration  2.58s (transform 937ms, setup 0ms, import 1.22s, tests 1.29s, environment 0ms))
Vitest suite critical-cli: chunk 9/12 (1 files): packages/agentplane/src/cli/run-cli.critical.scope-leak.test.ts
Vitest suite critical-cli: chunk 9/12 passed in 2816ms (Test Files  1 passed (1); Tests  5 passed (5); Duration  2.64s (transform 912ms, setup 0ms, import 1.19s, tests 1.38s, environment 0ms))
Vitest suite critical-cli: chunk 10/12 (1 files): packages/agentplane/src/cli/run-cli.critical.symlink-root.test.ts
Vitest suite critical-cli: chunk 10/12 passed in 2444ms (Test Files  1 passed (1); Tests  2 passed (2); Duration  2.26s (transform 991ms, setup 0ms, import 1.29s, tests 903ms, environment 0ms))
Vitest suite critical-cli: chunk 11/12 (1 files): packages/agentplane/src/cli/run-cli.critical.trust-boundary-ratchet-regressions.test.ts
Vitest suite critical-cli: chunk 11/12 passed in 1818ms (Test Files  1 passed (1); Tests  5 passed (5); Duration  1.63s (transform 1.09s, setup 0ms, import 1.29s, tests 265ms, environment 0ms))
Vitest suite critical-cli: chunk 12/12 (1 files): packages/agentplane/src/cli/run-cli.critical.trust-boundary-ratchet.test.ts
Vitest suite critical-cli: chunk 12/12 passed in 4934ms (Test Files  1 passed (1); Tests  12 passed (12); Duration  4.74s (transform 1.12s, setup 0ms, import 1.35s, tests 3.32s, environment 0ms))

$ node scripts/checks/run-vitest-suite.mjs critical-cli
