$ "node" "--test" "scripts/qualification/release-qualification.test.mjs"
exit_code=0 signal=none duration_ms=264

▶ v0.7.1 release qualification contract
  ✔ preflights the exact provider runtime only before provider execution (0.900917ms)
  ✔ maps every required dimension to an executable scenario (0.937917ms)
  ✔ requires every defect owner to be an existing executable task (0.452292ms)
  ✔ binds qualification evidence to the exact clean Git subject (0.099709ms)
  ✔ lets the qualification runner ignore only its active nested evidence directory (173.519708ms)
  ✔ rejects an uncovered requirement (0.477333ms)
  ✔ selects provider work only when explicitly requested (0.382875ms)
  ✔ reuses provider evidence only across qualification-only changes (0.096125ms)
  ✔ fails closed when an explicit scenario omits its dependency (0.28025ms)
  ✔ fails closed when a command variable is absent (0.148458ms)
  ✔ keeps audit execution successful while emitting a blocking defect (0.984875ms)
  ✔ assigns distinct executable tasks to the confirmed release blockers (2.589041ms)
  ✔ does not claim readiness from a partial successful selection (0.26025ms)
  ✔ allows a gate pass only after all local and provider scenarios pass (0.328959ms)
  ✔ keeps RF-04 harness timing diagnostic while gating tokens and outcomes (0.336875ms)
  ✔ rejects a token regression even when aggregate evidence is complete (0.184125ms)
  ✔ rejects verified-success and scope regressions without gating RF-04 harness timing (0.3945ms)
  ✔ rejects an agent packet that grows beyond the release limit (0.361958ms)
  ✔ requires distinct frozen cold and warm sample sets with at least 20 pairs (0.459417ms)
  ✔ gates matched CLI latency on median and p95 (0.054042ms)
  ✔ requires 60 cold and 60 warm supervisor samples for both public frontends (5.774333ms)
  ✔ records deterministic Git command histograms outside duration samples (0.150625ms)
✔ v0.7.1 release qualification contract (189.859ms)
ℹ tests 22
ℹ suites 1
ℹ pass 22
ℹ fail 0
ℹ cancelled 0
ℹ skipped 0
ℹ todo 0
ℹ duration_ms 235.169125
