$ "bun" "run" "test:critical"
exit_code=0 signal=none duration_ms=49419

Vitest suite critical-cli: chunk 1/12 (1 files): packages/agentplane/src/cli/run-cli.critical.agent-efficiency-baseline.test.ts
Vitest suite critical-cli: chunk 1/12 passed in 9629ms (Test Files  1 passed (1); Tests  9 passed (9); Duration  9.43s (transform 870ms, setup 0ms, import 1.15s, tests 8.21s, environment 0ms))
Vitest suite critical-cli: chunk 2/12 (1 files): packages/agentplane/src/cli/run-cli.critical.agent-efficiency-candidate.test.ts
Vitest suite critical-cli: chunk 2/12 passed in 1678ms (Test Files  1 passed (1); Tests  4 passed (4); Duration  1.51s (transform 925ms, setup 0ms, import 1.17s, tests 286ms, environment 0ms))
Vitest suite critical-cli: chunk 3/12 (1 files): packages/agentplane/src/cli/run-cli.critical.agent-efficiency-replay-driver.test.ts
Vitest suite critical-cli: chunk 3/12 passed in 1512ms (Test Files  1 passed (1); Tests  14 passed (14); Duration  1.29s (transform 935ms, setup 0ms, import 1.17s, tests 55ms, environment 0ms))
Vitest suite critical-cli: chunk 4/12 (1 files): packages/agentplane/src/cli/run-cli.critical.agent-efficiency-replay-hardening.test.ts
Vitest suite critical-cli: chunk 4/12 passed in 16560ms (Test Files  1 passed (1); Tests  11 passed (11); Duration  16.39s (transform 943ms, setup 0ms, import 1.16s, tests 15.17s, environment 0ms))
Vitest suite critical-cli: chunk 5/12 (1 files): packages/agentplane/src/cli/run-cli.critical.agent-efficiency-replay.test.ts
Vitest suite critical-cli: chunk 5/12 passed in 1654ms (Test Files  1 passed (1); Tests  10 passed (10); Duration  1.49s (transform 890ms, setup 0ms, import 1.14s, tests 291ms, environment 0ms))
Vitest suite critical-cli: chunk 6/12 (1 files): packages/agentplane/src/cli/run-cli.critical.exit-codes.test.ts
Vitest suite critical-cli: chunk 6/12 passed in 2457ms (Test Files  1 passed (1); Tests  2 passed (2); Duration  2.29s (transform 865ms, setup 0ms, import 1.13s, tests 1.11s, environment 0ms))
Vitest suite critical-cli: chunk 7/12 (1 files): packages/agentplane/src/cli/run-cli.critical.git-edge.test.ts
Vitest suite critical-cli: chunk 7/12 passed in 2307ms (Test Files  1 passed (1); Tests  2 passed (2); Duration  2.14s (transform 863ms, setup 0ms, import 1.12s, tests 960ms, environment 0ms))
Vitest suite critical-cli: chunk 8/12 (1 files): packages/agentplane/src/cli/run-cli.critical.protected-paths.test.ts
Vitest suite critical-cli: chunk 8/12 passed in 2619ms (Test Files  1 passed (1); Tests  3 passed (3); Duration  2.46s (transform 870ms, setup 0ms, import 1.13s, tests 1.27s, environment 0ms))
Vitest suite critical-cli: chunk 9/12 (1 files): packages/agentplane/src/cli/run-cli.critical.scope-leak.test.ts
Vitest suite critical-cli: chunk 9/12 passed in 2707ms (Test Files  1 passed (1); Tests  5 passed (5); Duration  2.54s (transform 868ms, setup 0ms, import 1.13s, tests 1.36s, environment 0ms))
Vitest suite critical-cli: chunk 10/12 (1 files): packages/agentplane/src/cli/run-cli.critical.symlink-root.test.ts
Vitest suite critical-cli: chunk 10/12 passed in 2218ms (Test Files  1 passed (1); Tests  2 passed (2); Duration  2.05s (transform 867ms, setup 0ms, import 1.13s, tests 865ms, environment 0ms))
Vitest suite critical-cli: chunk 11/12 (1 files): packages/agentplane/src/cli/run-cli.critical.trust-boundary-ratchet-regressions.test.ts
Vitest suite critical-cli: chunk 11/12 passed in 1628ms (Test Files  1 passed (1); Tests  5 passed (5); Duration  1.46s (transform 960ms, setup 0ms, import 1.15s, tests 240ms, environment 0ms))
Vitest suite critical-cli: chunk 12/12 (1 files): packages/agentplane/src/cli/run-cli.critical.trust-boundary-ratchet.test.ts
Vitest suite critical-cli: chunk 12/12 passed in 4374ms (Test Files  1 passed (1); Tests  12 passed (12); Duration  4.21s (transform 955ms, setup 0ms, import 1.14s, tests 3.01s, environment 0ms))

$ node scripts/checks/run-vitest-suite.mjs critical-cli
