$ "node" "--test" "scripts/qualification/release-qualification.test.mjs"
exit_code=0 signal=none duration_ms=243

▶ v0.7.1 release qualification contract
  ✔ preflights the exact provider runtime only before provider execution (0.8075ms)
  ✔ maps every required dimension to an executable scenario (0.776833ms)
  ✔ requires every defect owner to be an existing executable task (0.7045ms)
  ✔ binds qualification evidence to the exact clean Git subject (0.155791ms)
  ✔ lets the qualification runner ignore only its active nested evidence directory (158.165167ms)
  ✔ rejects an uncovered requirement (0.611042ms)
  ✔ selects provider work only when explicitly requested (0.4185ms)
  ✔ fails closed when an explicit scenario omits its dependency (0.274166ms)
  ✔ fails closed when a command variable is absent (0.137458ms)
  ✔ keeps audit execution successful while emitting a blocking defect (1.023416ms)
  ✔ assigns distinct executable tasks to the confirmed release blockers (0.661625ms)
  ✔ does not claim readiness from a partial successful selection (0.335583ms)
  ✔ allows a gate pass only after all local and provider scenarios pass (0.322ms)
  ✔ keeps RF-04 harness timing diagnostic while gating tokens and outcomes (0.3335ms)
  ✔ rejects a token regression even when aggregate evidence is complete (0.197ms)
  ✔ rejects verified-success and scope regressions without gating RF-04 harness timing (0.33975ms)
  ✔ rejects an agent packet that grows beyond the release limit (0.373834ms)
  ✔ requires distinct frozen cold and warm sample sets with at least 20 pairs (0.39325ms)
  ✔ gates matched CLI latency on median and p95 (0.052459ms)
  ✔ requires 20 cold and 30 warm supervisor samples for both public frontends (0.150542ms)
✔ v0.7.1 release qualification contract (166.952875ms)
ℹ tests 20
ℹ suites 1
ℹ pass 20
ℹ fail 0
ℹ cancelled 0
ℹ skipped 0
ℹ todo 0
ℹ duration_ms 213.506541
