$ "bun" "run" "coverage:workflow-suite"
exit_code=0 signal=none duration_ms=1035


 RUN  v4.1.9 /Users/densmirnov/Github/agentplane/.agentplane/tmp/v07-packet-fix-control-20260730/.agentplane/worktrees/202608021232-6BTB6D-capture-exact-v0-7-1-semantic-efficiency-evidenc


 Test Files  13 passed (13)
      Tests  50 passed (50)
   Start at  03:15:51
   Duration  555ms (transform 259ms, setup 0ms, import 786ms, tests 486ms, environment 1ms)

Workflow harness suite contract OK (5 source targets; matrix=docs/developer/workflow-harness-test-matrix.mdx).

$ node scripts/workflow/run-workflow-coverage-suite.mjs
{"ts":"2026-08-04T00:15:52.117Z","component":"workflow-runtime","event":"workflow_build_started"}
{"ts":"2026-08-04T00:15:52.125Z","component":"workflow-runtime","event":"workflow_build_failed","details":{"diagnostics":1}}
{"ts":"2026-08-04T00:15:52.126Z","component":"workflow-runtime","event":"workflow_build_started"}
{"ts":"2026-08-04T00:15:52.128Z","component":"workflow-runtime","event":"workflow_build_failed","details":{"diagnostics":2}}
{"ts":"2026-08-04T00:15:52.128Z","component":"workflow-runtime","event":"workflow_build_started"}
{"ts":"2026-08-04T00:15:52.130Z","component":"workflow-runtime","event":"workflow_build_completed","details":{"diagnostics":0}}
{"ts":"2026-08-04T00:15:52.194Z","component":"workflow-runtime","event":"workflow_publish_completed","details":{"workflowPath":"/var/folders/80/hzx36fdd7ps2j5gbpwm5mcjr0000gn/T/agentplane-workflow-ZeRgnT/.agentplane/WORKFLOW.md","lastKnownGoodPath":"/var/folders/80/hzx36fdd7ps2j5gbpwm5mcjr0000gn/T/agentplane-workflow-ZeRgnT/.agentplane/workflows/last-known-good.md"}}
{"ts":"2026-08-04T00:15:52.203Z","component":"workflow-runtime","event":"workflow_publish_completed","details":{"workflowPath":"/var/folders/80/hzx36fdd7ps2j5gbpwm5mcjr0000gn/T/agentplane-workflow-3Mqbtt/.agentplane/WORKFLOW.md","lastKnownGoodPath":"/var/folders/80/hzx36fdd7ps2j5gbpwm5mcjr0000gn/T/agentplane-workflow-3Mqbtt/.agentplane/workflows/last-known-good.md"}}
{"ts":"2026-08-04T00:15:52.215Z","component":"workflow-runtime","event":"workflow_restore_completed","details":{"workflowPath":"/var/folders/80/hzx36fdd7ps2j5gbpwm5mcjr0000gn/T/agentplane-workflow-3Mqbtt/.agentplane/WORKFLOW.md","from":"/var/folders/80/hzx36fdd7ps2j5gbpwm5mcjr0000gn/T/agentplane-workflow-3Mqbtt/.agentplane/workflows/last-known-good.md"}}
{"ts":"2026-08-04T00:15:52.222Z","component":"workflow-runtime","event":"workflow_publish_completed","details":{"workflowPath":"/var/folders/80/hzx36fdd7ps2j5gbpwm5mcjr0000gn/T/agentplane-workflow-WG4aU4/.agentplane/WORKFLOW.md","lastKnownGoodPath":"/var/folders/80/hzx36fdd7ps2j5gbpwm5mcjr0000gn/T/agentplane-workflow-WG4aU4/.agentplane/workflows/last-known-good.md"}}
{"ts":"2026-08-04T00:15:52.224Z","component":"workflow-runtime","event":"workflow_restore_failed","code":"WF_UNSUPPORTED_VERSION","details":{"reason":"Unsupported WORKFLOW version 3; supported versions: 1, 2."}}
$ node scripts/checks/check-workflow-harness-coverage.mjs
