$ "bun" "run" "test:critical"
exit_code=0 signal=none duration_ms=53264

Vitest suite critical-cli: chunk 1/12 (1 files): packages/agentplane/src/cli/run-cli.critical.agent-efficiency-baseline.test.ts
Vitest suite critical-cli: chunk 1/12 passed in 9537ms (Test Files  1 passed (1); Tests  9 passed (9); Duration  9.34s (transform 875ms, setup 0ms, import 1.16s, tests 8.11s, environment 0ms))
Vitest suite critical-cli: chunk 2/12 (1 files): packages/agentplane/src/cli/run-cli.critical.agent-efficiency-candidate.test.ts
Vitest suite critical-cli: chunk 2/12 passed in 5978ms (Test Files  1 passed (1); Tests  8 passed (8); Duration  5.81s (transform 896ms, setup 0ms, import 1.12s, tests 4.64s, environment 0ms))
Vitest suite critical-cli: chunk 3/12 (1 files): packages/agentplane/src/cli/run-cli.critical.agent-efficiency-replay-driver.test.ts
Vitest suite critical-cli: chunk 3/12 passed in 1540ms (Test Files  1 passed (1); Tests  15 passed (15); Duration  1.35s (transform 954ms, setup 0ms, import 1.19s, tests 97ms, environment 0ms))
Vitest suite critical-cli: chunk 4/12 (1 files): packages/agentplane/src/cli/run-cli.critical.agent-efficiency-replay-hardening.test.ts
Vitest suite critical-cli: chunk 4/12 passed in 16142ms (Test Files  1 passed (1); Tests  11 passed (11); Duration  15.97s (transform 1000ms, setup 0ms, import 1.23s, tests 14.67s, environment 0ms))
Vitest suite critical-cli: chunk 5/12 (1 files): packages/agentplane/src/cli/run-cli.critical.agent-efficiency-replay.test.ts
Vitest suite critical-cli: chunk 5/12 passed in 1631ms (Test Files  1 passed (1); Tests  10 passed (10); Duration  1.47s (transform 877ms, setup 0ms, import 1.12s, tests 290ms, environment 0ms))
Vitest suite critical-cli: chunk 6/12 (1 files): packages/agentplane/src/cli/run-cli.critical.exit-codes.test.ts
Vitest suite critical-cli: chunk 6/12 passed in 2365ms (Test Files  1 passed (1); Tests  2 passed (2); Duration  2.20s (transform 866ms, setup 0ms, import 1.13s, tests 1.02s, environment 0ms))
Vitest suite critical-cli: chunk 7/12 (1 files): packages/agentplane/src/cli/run-cli.critical.git-edge.test.ts
Vitest suite critical-cli: chunk 7/12 passed in 2238ms (Test Files  1 passed (1); Tests  2 passed (2); Duration  2.07s (transform 856ms, setup 0ms, import 1.11s, tests 900ms, environment 0ms))
Vitest suite critical-cli: chunk 8/12 (1 files): packages/agentplane/src/cli/run-cli.critical.protected-paths.test.ts
Vitest suite critical-cli: chunk 8/12 passed in 2509ms (Test Files  1 passed (1); Tests  3 passed (3); Duration  2.35s (transform 877ms, setup 0ms, import 1.13s, tests 1.15s, environment 0ms))
Vitest suite critical-cli: chunk 9/12 (1 files): packages/agentplane/src/cli/run-cli.critical.scope-leak.test.ts
Vitest suite critical-cli: chunk 9/12 passed in 2566ms (Test Files  1 passed (1); Tests  5 passed (5); Duration  2.41s (transform 857ms, setup 0ms, import 1.12s, tests 1.23s, environment 0ms))
Vitest suite critical-cli: chunk 10/12 (1 files): packages/agentplane/src/cli/run-cli.critical.symlink-root.test.ts
Vitest suite critical-cli: chunk 10/12 passed in 2218ms (Test Files  1 passed (1); Tests  2 passed (2); Duration  2.05s (transform 905ms, setup 0ms, import 1.18s, tests 815ms, environment 0ms))
Vitest suite critical-cli: chunk 11/12 (1 files): packages/agentplane/src/cli/run-cli.critical.trust-boundary-ratchet-regressions.test.ts
Vitest suite critical-cli: chunk 11/12 passed in 1734ms (Test Files  1 passed (1); Tests  5 passed (5); Duration  1.56s (transform 1.04s, setup 0ms, import 1.24s, tests 252ms, environment 0ms))
Vitest suite critical-cli: chunk 12/12 (1 files): packages/agentplane/src/cli/run-cli.critical.trust-boundary-ratchet.test.ts
Vitest suite critical-cli: chunk 12/12 passed in 4732ms (Test Files  1 passed (1); Tests  12 passed (12); Duration  4.55s (transform 1.02s, setup 0ms, import 1.22s, tests 3.27s, environment 0ms))

$ node scripts/checks/run-vitest-suite.mjs critical-cli
