$ "bun" "run" "test:critical"
exit_code=0 signal=none duration_ms=49863

Vitest suite critical-cli: chunk 1/12 (1 files): packages/agentplane/src/cli/run-cli.critical.agent-efficiency-baseline.test.ts
Vitest suite critical-cli: chunk 1/12 passed in 9611ms (Test Files  1 passed (1); Tests  9 passed (9); Duration  9.41s (transform 940ms, setup 0ms, import 1.24s, tests 8.10s, environment 0ms))
Vitest suite critical-cli: chunk 2/12 (1 files): packages/agentplane/src/cli/run-cli.critical.agent-efficiency-candidate.test.ts
Vitest suite critical-cli: chunk 2/12 passed in 1617ms (Test Files  1 passed (1); Tests  4 passed (4); Duration  1.45s (transform 887ms, setup 0ms, import 1.12s, tests 274ms, environment 0ms))
Vitest suite critical-cli: chunk 3/12 (1 files): packages/agentplane/src/cli/run-cli.critical.agent-efficiency-replay-driver.test.ts
Vitest suite critical-cli: chunk 3/12 passed in 1450ms (Test Files  1 passed (1); Tests  14 passed (14); Duration  1.26s (transform 915ms, setup 0ms, import 1.14s, tests 55ms, environment 0ms))
Vitest suite critical-cli: chunk 4/12 (1 files): packages/agentplane/src/cli/run-cli.critical.agent-efficiency-replay-hardening.test.ts
Vitest suite critical-cli: chunk 4/12 passed in 16937ms (Test Files  1 passed (1); Tests  11 passed (11); Duration  16.77s (transform 942ms, setup 0ms, import 1.16s, tests 15.55s, environment 0ms))
Vitest suite critical-cli: chunk 5/12 (1 files): packages/agentplane/src/cli/run-cli.critical.agent-efficiency-replay.test.ts
Vitest suite critical-cli: chunk 5/12 passed in 1705ms (Test Files  1 passed (1); Tests  10 passed (10); Duration  1.54s (transform 937ms, setup 0ms, import 1.19s, tests 292ms, environment 0ms))
Vitest suite critical-cli: chunk 6/12 (1 files): packages/agentplane/src/cli/run-cli.critical.exit-codes.test.ts
Vitest suite critical-cli: chunk 6/12 passed in 2558ms (Test Files  1 passed (1); Tests  2 passed (2); Duration  2.40s (transform 932ms, setup 0ms, import 1.21s, tests 1.12s, environment 0ms))
Vitest suite critical-cli: chunk 7/12 (1 files): packages/agentplane/src/cli/run-cli.critical.git-edge.test.ts
Vitest suite critical-cli: chunk 7/12 passed in 2330ms (Test Files  1 passed (1); Tests  2 passed (2); Duration  2.17s (transform 879ms, setup 0ms, import 1.14s, tests 961ms, environment 0ms))
Vitest suite critical-cli: chunk 8/12 (1 files): packages/agentplane/src/cli/run-cli.critical.protected-paths.test.ts
Vitest suite critical-cli: chunk 8/12 passed in 2643ms (Test Files  1 passed (1); Tests  3 passed (3); Duration  2.48s (transform 867ms, setup 0ms, import 1.13s, tests 1.29s, environment 0ms))
Vitest suite critical-cli: chunk 9/12 (1 files): packages/agentplane/src/cli/run-cli.critical.scope-leak.test.ts
Vitest suite critical-cli: chunk 9/12 passed in 2720ms (Test Files  1 passed (1); Tests  5 passed (5); Duration  2.55s (transform 859ms, setup 0ms, import 1.12s, tests 1.37s, environment 0ms))
Vitest suite critical-cli: chunk 10/12 (1 files): packages/agentplane/src/cli/run-cli.critical.symlink-root.test.ts
Vitest suite critical-cli: chunk 10/12 passed in 2262ms (Test Files  1 passed (1); Tests  2 passed (2); Duration  2.08s (transform 920ms, setup 0ms, import 1.18s, tests 833ms, environment 0ms))
Vitest suite critical-cli: chunk 11/12 (1 files): packages/agentplane/src/cli/run-cli.critical.trust-boundary-ratchet-regressions.test.ts
Vitest suite critical-cli: chunk 11/12 passed in 1576ms (Test Files  1 passed (1); Tests  5 passed (5); Duration  1.41s (transform 938ms, setup 0ms, import 1.12s, tests 233ms, environment 0ms))
Vitest suite critical-cli: chunk 12/12 (1 files): packages/agentplane/src/cli/run-cli.critical.trust-boundary-ratchet.test.ts
Vitest suite critical-cli: chunk 12/12 passed in 4378ms (Test Files  1 passed (1); Tests  12 passed (12); Duration  4.22s (transform 964ms, setup 0ms, import 1.15s, tests 3.00s, environment 0ms))

$ node scripts/checks/run-vitest-suite.mjs critical-cli
