$ "node" "--test" "scripts/qualification/release-qualification.test.mjs"
exit_code=0 signal=none duration_ms=240

▶ v0.7.1 release qualification contract
  ✔ preflights the exact provider runtime only before provider execution (0.709083ms)
  ✔ maps every required dimension to an executable scenario (0.672542ms)
  ✔ requires every defect owner to be an existing executable task (0.594375ms)
  ✔ binds qualification evidence to the exact clean Git subject (0.14275ms)
  ✔ lets the qualification runner ignore only its active nested evidence directory (151.646792ms)
  ✔ rejects an uncovered requirement (0.588708ms)
  ✔ selects provider work only when explicitly requested (0.35075ms)
  ✔ fails closed when an explicit scenario omits its dependency (0.239125ms)
  ✔ fails closed when a command variable is absent (0.1305ms)
  ✔ keeps audit execution successful while emitting a blocking defect (1.009792ms)
  ✔ assigns distinct executable tasks to the confirmed release blockers (0.621666ms)
  ✔ does not claim readiness from a partial successful selection (0.327ms)
  ✔ allows a gate pass only after all local and provider scenarios pass (0.321792ms)
  ✔ keeps RF-04 harness timing diagnostic while gating tokens and outcomes (0.338959ms)
  ✔ rejects a token regression even when aggregate evidence is complete (0.193291ms)
  ✔ rejects verified-success and scope regressions without gating RF-04 harness timing (0.326917ms)
  ✔ rejects an agent packet that grows beyond the release limit (0.336708ms)
  ✔ requires distinct frozen cold and warm sample sets with at least 20 pairs (0.396584ms)
  ✔ gates matched CLI latency on median and p95 (0.056042ms)
  ✔ requires 20 cold and 30 warm supervisor samples for both public frontends (5.388542ms)
  ✔ records deterministic Git command histograms outside duration samples (0.139458ms)
✔ v0.7.1 release qualification contract (165.210167ms)
ℹ tests 21
ℹ suites 1
ℹ pass 21
ℹ fail 0
ℹ cancelled 0
ℹ skipped 0
ℹ todo 0
ℹ duration_ms 210.098583
