$ "bun" "run" "coverage:workflow-suite"
exit_code=0 signal=none duration_ms=1082


 RUN  v4.1.9 /Users/densmirnov/Github/agentplane/.agentplane/tmp/v07-packet-fix-control-20260730/.agentplane/worktrees/202608021232-6BTB6D-capture-exact-v0-7-1-semantic-efficiency-evidenc


 Test Files  13 passed (13)
      Tests  50 passed (50)
   Start at  04:55:37
   Duration  609ms (transform 294ms, setup 0ms, import 899ms, tests 508ms, environment 1ms)

Workflow harness suite contract OK (5 source targets; matrix=docs/developer/workflow-harness-test-matrix.mdx).

$ node scripts/workflow/run-workflow-coverage-suite.mjs
{"ts":"2026-08-04T01:55:37.846Z","component":"workflow-runtime","event":"workflow_build_started"}
{"ts":"2026-08-04T01:55:37.854Z","component":"workflow-runtime","event":"workflow_build_failed","details":{"diagnostics":1}}
{"ts":"2026-08-04T01:55:37.855Z","component":"workflow-runtime","event":"workflow_build_started"}
{"ts":"2026-08-04T01:55:37.857Z","component":"workflow-runtime","event":"workflow_build_failed","details":{"diagnostics":2}}
{"ts":"2026-08-04T01:55:37.857Z","component":"workflow-runtime","event":"workflow_build_started"}
{"ts":"2026-08-04T01:55:37.860Z","component":"workflow-runtime","event":"workflow_build_completed","details":{"diagnostics":0}}
{"ts":"2026-08-04T01:55:37.929Z","component":"workflow-runtime","event":"workflow_publish_completed","details":{"workflowPath":"/var/folders/80/hzx36fdd7ps2j5gbpwm5mcjr0000gn/T/agentplane-workflow-hbDNYp/.agentplane/WORKFLOW.md","lastKnownGoodPath":"/var/folders/80/hzx36fdd7ps2j5gbpwm5mcjr0000gn/T/agentplane-workflow-hbDNYp/.agentplane/workflows/last-known-good.md"}}
{"ts":"2026-08-04T01:55:37.942Z","component":"workflow-runtime","event":"workflow_publish_completed","details":{"workflowPath":"/var/folders/80/hzx36fdd7ps2j5gbpwm5mcjr0000gn/T/agentplane-workflow-qxKmac/.agentplane/WORKFLOW.md","lastKnownGoodPath":"/var/folders/80/hzx36fdd7ps2j5gbpwm5mcjr0000gn/T/agentplane-workflow-qxKmac/.agentplane/workflows/last-known-good.md"}}
{"ts":"2026-08-04T01:55:37.947Z","component":"workflow-runtime","event":"workflow_restore_completed","details":{"workflowPath":"/var/folders/80/hzx36fdd7ps2j5gbpwm5mcjr0000gn/T/agentplane-workflow-qxKmac/.agentplane/WORKFLOW.md","from":"/var/folders/80/hzx36fdd7ps2j5gbpwm5mcjr0000gn/T/agentplane-workflow-qxKmac/.agentplane/workflows/last-known-good.md"}}
{"ts":"2026-08-04T01:55:37.954Z","component":"workflow-runtime","event":"workflow_publish_completed","details":{"workflowPath":"/var/folders/80/hzx36fdd7ps2j5gbpwm5mcjr0000gn/T/agentplane-workflow-xO8Jor/.agentplane/WORKFLOW.md","lastKnownGoodPath":"/var/folders/80/hzx36fdd7ps2j5gbpwm5mcjr0000gn/T/agentplane-workflow-xO8Jor/.agentplane/workflows/last-known-good.md"}}
{"ts":"2026-08-04T01:55:37.956Z","component":"workflow-runtime","event":"workflow_restore_failed","code":"WF_UNSUPPORTED_VERSION","details":{"reason":"Unsupported WORKFLOW version 3; supported versions: 1, 2."}}
$ node scripts/checks/check-workflow-harness-coverage.mjs
